// Jest Snapshot v1, https://goo.gl/fbAQLP

exports[`TabPanel tests is a basic snapshot 1`] = `
<div
  data-label="test-label"
  data-testid="test-tab-panel"
>
  test content
</div>
`;
