// Jest Snapshot v1, https://goo.gl/fbAQLP

exports[`Navigation integration tests is a snapshot with English localization 1`] = `
<div
  class="fixed inset-0 bg-neutral-100/90 dark:bg-dark-neutral-100/90 z-0 md:static md:inset-auto md:bg-transparent dark:md:bg-transparent mt-[3.75rem] md:mt-0 md:translate-x-0 transition-colors transition-transform duration-300  "
  data-testid="test-navigation"
>
  <nav
    class="z-100 w-full p-6 pt-3 md:p-0 bg-neutral-200 dark:bg-dark-neutral-250 md:bg-transparent dark:md:bg-transparent flex flex-col md:flex-row transition-colors duration-150"
  >
    <ul
      class="flex md:flex-wrap md:gap-2 flex-col md:flex-row"
    >
      <li>
        <a
          aria-disabled="false"
          class="no-underline transition-colors duration-150 text-blue-800 hover:text-blue-900 active:text-blue-1000 dark:text-blue-400 dark:hover:text-blue-300 dark:active:text-blue-200 hover:underline  inline-flex text-200 font-medium py-3 px-1 uppercase md:lowercase w-full md:w-auto md:p-0 relative before:pointer-events-none before:absolute before:bg-current before:rounded-0.5 before:top-1/2 before:-translate-y-1/2 before:h-1/2 before:w-0.5 before:-left-2 md:before:-bottom-1 md:before:left-0 md:before:w-full md:before:top-auto md:before:translate-y-0 md:before:h-0.5 before:transition-opacity before:duration-150 before:opacity-100"
          href="/movies"
        >
          movies
        </a>
      </li>
      <li>
        <a
          aria-disabled="false"
          class="no-underline transition-colors duration-150 text-blue-800 hover:text-blue-900 active:text-blue-1000 dark:text-blue-400 dark:hover:text-blue-300 dark:active:text-blue-200 hover:underline  inline-flex text-200 font-medium py-3 px-1 uppercase md:lowercase w-full md:w-auto md:p-0 relative before:pointer-events-none before:absolute before:bg-current before:rounded-0.5 before:top-1/2 before:-translate-y-1/2 before:h-1/2 before:w-0.5 before:-left-2 md:before:-bottom-1 md:before:left-0 md:before:w-full md:before:top-auto md:before:translate-y-0 md:before:h-0.5 before:transition-opacity before:duration-150 before:opacity-0"
          href="/persons"
        >
          persons
        </a>
      </li>
      <li>
        <a
          aria-disabled="false"
          class="no-underline transition-colors duration-150 text-blue-800 hover:text-blue-900 active:text-blue-1000 dark:text-blue-400 dark:hover:text-blue-300 dark:active:text-blue-200 hover:underline  inline-flex text-200 font-medium py-3 px-1 uppercase md:lowercase w-full md:w-auto md:p-0 relative before:pointer-events-none before:absolute before:bg-current before:rounded-0.5 before:top-1/2 before:-translate-y-1/2 before:h-1/2 before:w-0.5 before:-left-2 md:before:-bottom-1 md:before:left-0 md:before:w-full md:before:top-auto md:before:translate-y-0 md:before:h-0.5 before:transition-opacity before:duration-150 before:opacity-0"
          href="/tv"
        >
          series and shows
        </a>
      </li>
      <li>
        <a
          aria-disabled="false"
          class="no-underline transition-colors duration-150 text-blue-800 hover:text-blue-900 active:text-blue-1000 dark:text-blue-400 dark:hover:text-blue-300 dark:active:text-blue-200 hover:underline  inline-flex text-200 font-medium py-3 px-1 uppercase md:lowercase w-full md:w-auto md:p-0 relative before:pointer-events-none before:absolute before:bg-current before:rounded-0.5 before:top-1/2 before:-translate-y-1/2 before:h-1/2 before:w-0.5 before:-left-2 md:before:-bottom-1 md:before:left-0 md:before:w-full md:before:top-auto md:before:translate-y-0 md:before:h-0.5 before:transition-opacity before:duration-150 before:opacity-0"
          href="/new"
        >
          new releases
        </a>
      </li>
      <li>
        <a
          aria-disabled="false"
          class="no-underline transition-colors duration-150 text-blue-800 hover:text-blue-900 active:text-blue-1000 dark:text-blue-400 dark:hover:text-blue-300 dark:active:text-blue-200 hover:underline  inline-flex text-200 font-medium py-3 px-1 uppercase md:lowercase w-full md:w-auto md:p-0 relative before:pointer-events-none before:absolute before:bg-current before:rounded-0.5 before:top-1/2 before:-translate-y-1/2 before:h-1/2 before:w-0.5 before:-left-2 md:before:-bottom-1 md:before:left-0 md:before:w-full md:before:top-auto md:before:translate-y-0 md:before:h-0.5 before:transition-opacity before:duration-150 before:opacity-0"
          href="/collections"
        >
          collections
        </a>
      </li>
    </ul>
  </nav>
</div>
`;

exports[`Navigation integration tests is a snapshot with Russian localization 1`] = `
<div
  class="fixed inset-0 bg-neutral-100/90 dark:bg-dark-neutral-100/90 z-0 md:static md:inset-auto md:bg-transparent dark:md:bg-transparent mt-[3.75rem] md:mt-0 md:translate-x-0 transition-colors transition-transform duration-300  "
  data-testid="test-navigation"
>
  <nav
    class="z-100 w-full p-6 pt-3 md:p-0 bg-neutral-200 dark:bg-dark-neutral-250 md:bg-transparent dark:md:bg-transparent flex flex-col md:flex-row transition-colors duration-150"
  >
    <ul
      class="flex md:flex-wrap md:gap-2 flex-col md:flex-row"
    >
      <li>
        <a
          aria-disabled="false"
          class="no-underline transition-colors duration-150 text-blue-800 hover:text-blue-900 active:text-blue-1000 dark:text-blue-400 dark:hover:text-blue-300 dark:active:text-blue-200 hover:underline  inline-flex text-200 font-medium py-3 px-1 uppercase md:lowercase w-full md:w-auto md:p-0 relative before:pointer-events-none before:absolute before:bg-current before:rounded-0.5 before:top-1/2 before:-translate-y-1/2 before:h-1/2 before:w-0.5 before:-left-2 md:before:-bottom-1 md:before:left-0 md:before:w-full md:before:top-auto md:before:translate-y-0 md:before:h-0.5 before:transition-opacity before:duration-150 before:opacity-100"
          href="/movies"
        >
          фильмы
        </a>
      </li>
      <li>
        <a
          aria-disabled="false"
          class="no-underline transition-colors duration-150 text-blue-800 hover:text-blue-900 active:text-blue-1000 dark:text-blue-400 dark:hover:text-blue-300 dark:active:text-blue-200 hover:underline  inline-flex text-200 font-medium py-3 px-1 uppercase md:lowercase w-full md:w-auto md:p-0 relative before:pointer-events-none before:absolute before:bg-current before:rounded-0.5 before:top-1/2 before:-translate-y-1/2 before:h-1/2 before:w-0.5 before:-left-2 md:before:-bottom-1 md:before:left-0 md:before:w-full md:before:top-auto md:before:translate-y-0 md:before:h-0.5 before:transition-opacity before:duration-150 before:opacity-0"
          href="/persons"
        >
          люди
        </a>
      </li>
      <li>
        <a
          aria-disabled="false"
          class="no-underline transition-colors duration-150 text-blue-800 hover:text-blue-900 active:text-blue-1000 dark:text-blue-400 dark:hover:text-blue-300 dark:active:text-blue-200 hover:underline  inline-flex text-200 font-medium py-3 px-1 uppercase md:lowercase w-full md:w-auto md:p-0 relative before:pointer-events-none before:absolute before:bg-current before:rounded-0.5 before:top-1/2 before:-translate-y-1/2 before:h-1/2 before:w-0.5 before:-left-2 md:before:-bottom-1 md:before:left-0 md:before:w-full md:before:top-auto md:before:translate-y-0 md:before:h-0.5 before:transition-opacity before:duration-150 before:opacity-0"
          href="/tv"
        >
          сериалы и шоу
        </a>
      </li>
      <li>
        <a
          aria-disabled="false"
          class="no-underline transition-colors duration-150 text-blue-800 hover:text-blue-900 active:text-blue-1000 dark:text-blue-400 dark:hover:text-blue-300 dark:active:text-blue-200 hover:underline  inline-flex text-200 font-medium py-3 px-1 uppercase md:lowercase w-full md:w-auto md:p-0 relative before:pointer-events-none before:absolute before:bg-current before:rounded-0.5 before:top-1/2 before:-translate-y-1/2 before:h-1/2 before:w-0.5 before:-left-2 md:before:-bottom-1 md:before:left-0 md:before:w-full md:before:top-auto md:before:translate-y-0 md:before:h-0.5 before:transition-opacity before:duration-150 before:opacity-0"
          href="/new"
        >
          новинки
        </a>
      </li>
      <li>
        <a
          aria-disabled="false"
          class="no-underline transition-colors duration-150 text-blue-800 hover:text-blue-900 active:text-blue-1000 dark:text-blue-400 dark:hover:text-blue-300 dark:active:text-blue-200 hover:underline  inline-flex text-200 font-medium py-3 px-1 uppercase md:lowercase w-full md:w-auto md:p-0 relative before:pointer-events-none before:absolute before:bg-current before:rounded-0.5 before:top-1/2 before:-translate-y-1/2 before:h-1/2 before:w-0.5 before:-left-2 md:before:-bottom-1 md:before:left-0 md:before:w-full md:before:top-auto md:before:translate-y-0 md:before:h-0.5 before:transition-opacity before:duration-150 before:opacity-0"
          href="/collections"
        >
          коллекции
        </a>
      </li>
    </ul>
  </nav>
</div>
`;

exports[`Navigation tests is a basic snapshot 1`] = `
<div
  class="fixed inset-0 bg-neutral-100/90 dark:bg-dark-neutral-100/90 z-0 md:static md:inset-auto md:bg-transparent dark:md:bg-transparent mt-[3.75rem] md:mt-0 md:translate-x-0 transition-colors transition-transform duration-300  "
  data-testid="test-navigation"
>
  <nav
    class="z-100 w-full p-6 pt-3 md:p-0 bg-neutral-200 dark:bg-dark-neutral-250 md:bg-transparent dark:md:bg-transparent flex flex-col md:flex-row transition-colors duration-150"
  >
    <ul
      class="flex md:flex-wrap md:gap-2 flex-col md:flex-row"
    >
      <li>
        <a
          aria-disabled="false"
          class="no-underline transition-colors duration-150 text-blue-800 hover:text-blue-900 active:text-blue-1000 dark:text-blue-400 dark:hover:text-blue-300 dark:active:text-blue-200 hover:underline  inline-flex text-200 font-medium py-3 px-1 uppercase md:lowercase w-full md:w-auto md:p-0 relative before:pointer-events-none before:absolute before:bg-current before:rounded-0.5 before:top-1/2 before:-translate-y-1/2 before:h-1/2 before:w-0.5 before:-left-2 md:before:-bottom-1 md:before:left-0 md:before:w-full md:before:top-auto md:before:translate-y-0 md:before:h-0.5 before:transition-opacity before:duration-150 before:opacity-100"
          href="/movies"
        >
          movies
        </a>
      </li>
      <li>
        <a
          aria-disabled="false"
          class="no-underline transition-colors duration-150 text-blue-800 hover:text-blue-900 active:text-blue-1000 dark:text-blue-400 dark:hover:text-blue-300 dark:active:text-blue-200 hover:underline  inline-flex text-200 font-medium py-3 px-1 uppercase md:lowercase w-full md:w-auto md:p-0 relative before:pointer-events-none before:absolute before:bg-current before:rounded-0.5 before:top-1/2 before:-translate-y-1/2 before:h-1/2 before:w-0.5 before:-left-2 md:before:-bottom-1 md:before:left-0 md:before:w-full md:before:top-auto md:before:translate-y-0 md:before:h-0.5 before:transition-opacity before:duration-150 before:opacity-0"
          href="/persons"
        >
          persons
        </a>
      </li>
      <li>
        <a
          aria-disabled="false"
          class="no-underline transition-colors duration-150 text-blue-800 hover:text-blue-900 active:text-blue-1000 dark:text-blue-400 dark:hover:text-blue-300 dark:active:text-blue-200 hover:underline  inline-flex text-200 font-medium py-3 px-1 uppercase md:lowercase w-full md:w-auto md:p-0 relative before:pointer-events-none before:absolute before:bg-current before:rounded-0.5 before:top-1/2 before:-translate-y-1/2 before:h-1/2 before:w-0.5 before:-left-2 md:before:-bottom-1 md:before:left-0 md:before:w-full md:before:top-auto md:before:translate-y-0 md:before:h-0.5 before:transition-opacity before:duration-150 before:opacity-0"
          href="/tv"
        >
          series and shows
        </a>
      </li>
      <li>
        <a
          aria-disabled="false"
          class="no-underline transition-colors duration-150 text-blue-800 hover:text-blue-900 active:text-blue-1000 dark:text-blue-400 dark:hover:text-blue-300 dark:active:text-blue-200 hover:underline  inline-flex text-200 font-medium py-3 px-1 uppercase md:lowercase w-full md:w-auto md:p-0 relative before:pointer-events-none before:absolute before:bg-current before:rounded-0.5 before:top-1/2 before:-translate-y-1/2 before:h-1/2 before:w-0.5 before:-left-2 md:before:-bottom-1 md:before:left-0 md:before:w-full md:before:top-auto md:before:translate-y-0 md:before:h-0.5 before:transition-opacity before:duration-150 before:opacity-0"
          href="/new"
        >
          new releases
        </a>
      </li>
      <li>
        <a
          aria-disabled="false"
          class="no-underline transition-colors duration-150 text-blue-800 hover:text-blue-900 active:text-blue-1000 dark:text-blue-400 dark:hover:text-blue-300 dark:active:text-blue-200 hover:underline  inline-flex text-200 font-medium py-3 px-1 uppercase md:lowercase w-full md:w-auto md:p-0 relative before:pointer-events-none before:absolute before:bg-current before:rounded-0.5 before:top-1/2 before:-translate-y-1/2 before:h-1/2 before:w-0.5 before:-left-2 md:before:-bottom-1 md:before:left-0 md:before:w-full md:before:top-auto md:before:translate-y-0 md:before:h-0.5 before:transition-opacity before:duration-150 before:opacity-0"
          href="/collections"
        >
          collections
        </a>
      </li>
    </ul>
  </nav>
</div>
`;
