// Jest Snapshot v1, https://goo.gl/fbAQLP

exports[`SocialLinks tests a snapshot with isRounded set to true 1`] = `
<div
  class="flex items-center flex-wrap gap-2 "
  data-testid="test-social-links"
>
  <a
    aria-disabled="false"
    class="no-underline transition-colors duration-150 text-blue-800 hover:text-blue-900 active:text-blue-1000 dark:text-blue-400 dark:hover:text-blue-300 dark:active:text-blue-200 hover:underline  text-0 flex w-10 h-10 fill-neutral-300 [&]:text-dark-neutral-300 hover:fill-neutral-400 hover:[&]:text-dark-neutral-250 active:fill-dark-neutral-500 active:[&]:text-dark-neutral-200 dark:fill-dark-neutral-300 dark:[&]:text-neutral-300 dark:hover:fill-dark-neutral-400 dark:hover:[&]:text-neutral-200 dark:active:fill-dark-neutral-500 dark:active:[&]:text-neutral-100"
    href="https://www.facebook.com/ "
    rel="noopener noreferrer"
    target="_blank"
  >
    <svg
      class="rounded-full"
      viewBox="0 0 32 32"
    >
      <use
        href="/assets/icons/facebook.svg#facebook"
      />
    </svg>
    <span
      class="sr-only"
    >
      Facebook
    </span>
  </a>
  <a
    aria-disabled="false"
    class="no-underline transition-colors duration-150 text-blue-800 hover:text-blue-900 active:text-blue-1000 dark:text-blue-400 dark:hover:text-blue-300 dark:active:text-blue-200 hover:underline  text-0 flex w-10 h-10 fill-neutral-300 [&]:text-dark-neutral-300 hover:fill-neutral-400 hover:[&]:text-dark-neutral-250 active:fill-dark-neutral-500 active:[&]:text-dark-neutral-200 dark:fill-dark-neutral-300 dark:[&]:text-neutral-300 dark:hover:fill-dark-neutral-400 dark:hover:[&]:text-neutral-200 dark:active:fill-dark-neutral-500 dark:active:[&]:text-neutral-100"
    href="https://www.instagram.com/ "
    rel="noopener noreferrer"
    target="_blank"
  >
    <svg
      class="rounded-full"
      viewBox="0 0 32 32"
    >
      <use
        href="/assets/icons/instagram.svg#instagram"
      />
    </svg>
    <span
      class="sr-only"
    >
      Instagram
    </span>
  </a>
  <a
    aria-disabled="false"
    class="no-underline transition-colors duration-150 text-blue-800 hover:text-blue-900 active:text-blue-1000 dark:text-blue-400 dark:hover:text-blue-300 dark:active:text-blue-200 hover:underline  text-0 flex w-10 h-10 fill-neutral-300 [&]:text-dark-neutral-300 hover:fill-neutral-400 hover:[&]:text-dark-neutral-250 active:fill-dark-neutral-500 active:[&]:text-dark-neutral-200 dark:fill-dark-neutral-300 dark:[&]:text-neutral-300 dark:hover:fill-dark-neutral-400 dark:hover:[&]:text-neutral-200 dark:active:fill-dark-neutral-500 dark:active:[&]:text-neutral-100"
    href="https://www.tiktok.com/@ "
    rel="noopener noreferrer"
    target="_blank"
  >
    <svg
      class="rounded-full"
      viewBox="0 0 32 32"
    >
      <use
        href="/assets/icons/tiktok.svg#tiktok"
      />
    </svg>
    <span
      class="sr-only"
    >
      Tiktok
    </span>
  </a>
  <a
    aria-disabled="false"
    class="no-underline transition-colors duration-150 text-blue-800 hover:text-blue-900 active:text-blue-1000 dark:text-blue-400 dark:hover:text-blue-300 dark:active:text-blue-200 hover:underline  text-0 flex w-10 h-10 fill-neutral-300 [&]:text-dark-neutral-300 hover:fill-neutral-400 hover:[&]:text-dark-neutral-250 active:fill-dark-neutral-500 active:[&]:text-dark-neutral-200 dark:fill-dark-neutral-300 dark:[&]:text-neutral-300 dark:hover:fill-dark-neutral-400 dark:hover:[&]:text-neutral-200 dark:active:fill-dark-neutral-500 dark:active:[&]:text-neutral-100"
    href="https://twitter.com/ "
    rel="noopener noreferrer"
    target="_blank"
  >
    <svg
      class="rounded-full"
      viewBox="0 0 32 32"
    >
      <use
        href="/assets/icons/twitter.svg#twitter"
      />
    </svg>
    <span
      class="sr-only"
    >
      Twitter
    </span>
  </a>
  <a
    aria-disabled="false"
    class="no-underline transition-colors duration-150 text-blue-800 hover:text-blue-900 active:text-blue-1000 dark:text-blue-400 dark:hover:text-blue-300 dark:active:text-blue-200 hover:underline  text-0 flex w-10 h-10 fill-neutral-300 [&]:text-dark-neutral-300 hover:fill-neutral-400 hover:[&]:text-dark-neutral-250 active:fill-dark-neutral-500 active:[&]:text-dark-neutral-200 dark:fill-dark-neutral-300 dark:[&]:text-neutral-300 dark:hover:fill-dark-neutral-400 dark:hover:[&]:text-neutral-200 dark:active:fill-dark-neutral-500 dark:active:[&]:text-neutral-100"
    href="https://www.youtube.com/@ "
    rel="noopener noreferrer"
    target="_blank"
  >
    <svg
      class="rounded-full"
      viewBox="0 0 32 32"
    >
      <use
        href="/assets/icons/youtube.svg#youtube"
      />
    </svg>
    <span
      class="sr-only"
    >
      Youtube
    </span>
  </a>
</div>
`;

exports[`SocialLinks tests is a basic snapshot 1`] = `
<div
  class="flex items-center flex-wrap gap-2 "
  data-testid="test-social-links"
>
  <a
    aria-disabled="false"
    class="no-underline transition-colors duration-150 text-blue-800 hover:text-blue-900 active:text-blue-1000 dark:text-blue-400 dark:hover:text-blue-300 dark:active:text-blue-200 hover:underline  text-0 flex w-10 h-10 fill-neutral-300 [&]:text-dark-neutral-300 hover:fill-neutral-400 hover:[&]:text-dark-neutral-250 active:fill-dark-neutral-500 active:[&]:text-dark-neutral-200 dark:fill-dark-neutral-300 dark:[&]:text-neutral-300 dark:hover:fill-dark-neutral-400 dark:hover:[&]:text-neutral-200 dark:active:fill-dark-neutral-500 dark:active:[&]:text-neutral-100"
    href="https://www.facebook.com/ "
    rel="noopener noreferrer"
    target="_blank"
  >
    <svg
      class=""
      viewBox="0 0 32 32"
    >
      <use
        href="/assets/icons/facebook.svg#facebook"
      />
    </svg>
    <span
      class="sr-only"
    >
      Facebook
    </span>
  </a>
  <a
    aria-disabled="false"
    class="no-underline transition-colors duration-150 text-blue-800 hover:text-blue-900 active:text-blue-1000 dark:text-blue-400 dark:hover:text-blue-300 dark:active:text-blue-200 hover:underline  text-0 flex w-10 h-10 fill-neutral-300 [&]:text-dark-neutral-300 hover:fill-neutral-400 hover:[&]:text-dark-neutral-250 active:fill-dark-neutral-500 active:[&]:text-dark-neutral-200 dark:fill-dark-neutral-300 dark:[&]:text-neutral-300 dark:hover:fill-dark-neutral-400 dark:hover:[&]:text-neutral-200 dark:active:fill-dark-neutral-500 dark:active:[&]:text-neutral-100"
    href="https://www.instagram.com/ "
    rel="noopener noreferrer"
    target="_blank"
  >
    <svg
      class=""
      viewBox="0 0 32 32"
    >
      <use
        href="/assets/icons/instagram.svg#instagram"
      />
    </svg>
    <span
      class="sr-only"
    >
      Instagram
    </span>
  </a>
  <a
    aria-disabled="false"
    class="no-underline transition-colors duration-150 text-blue-800 hover:text-blue-900 active:text-blue-1000 dark:text-blue-400 dark:hover:text-blue-300 dark:active:text-blue-200 hover:underline  text-0 flex w-10 h-10 fill-neutral-300 [&]:text-dark-neutral-300 hover:fill-neutral-400 hover:[&]:text-dark-neutral-250 active:fill-dark-neutral-500 active:[&]:text-dark-neutral-200 dark:fill-dark-neutral-300 dark:[&]:text-neutral-300 dark:hover:fill-dark-neutral-400 dark:hover:[&]:text-neutral-200 dark:active:fill-dark-neutral-500 dark:active:[&]:text-neutral-100"
    href="https://www.tiktok.com/@ "
    rel="noopener noreferrer"
    target="_blank"
  >
    <svg
      class=""
      viewBox="0 0 32 32"
    >
      <use
        href="/assets/icons/tiktok.svg#tiktok"
      />
    </svg>
    <span
      class="sr-only"
    >
      Tiktok
    </span>
  </a>
  <a
    aria-disabled="false"
    class="no-underline transition-colors duration-150 text-blue-800 hover:text-blue-900 active:text-blue-1000 dark:text-blue-400 dark:hover:text-blue-300 dark:active:text-blue-200 hover:underline  text-0 flex w-10 h-10 fill-neutral-300 [&]:text-dark-neutral-300 hover:fill-neutral-400 hover:[&]:text-dark-neutral-250 active:fill-dark-neutral-500 active:[&]:text-dark-neutral-200 dark:fill-dark-neutral-300 dark:[&]:text-neutral-300 dark:hover:fill-dark-neutral-400 dark:hover:[&]:text-neutral-200 dark:active:fill-dark-neutral-500 dark:active:[&]:text-neutral-100"
    href="https://twitter.com/ "
    rel="noopener noreferrer"
    target="_blank"
  >
    <svg
      class=""
      viewBox="0 0 32 32"
    >
      <use
        href="/assets/icons/twitter.svg#twitter"
      />
    </svg>
    <span
      class="sr-only"
    >
      Twitter
    </span>
  </a>
  <a
    aria-disabled="false"
    class="no-underline transition-colors duration-150 text-blue-800 hover:text-blue-900 active:text-blue-1000 dark:text-blue-400 dark:hover:text-blue-300 dark:active:text-blue-200 hover:underline  text-0 flex w-10 h-10 fill-neutral-300 [&]:text-dark-neutral-300 hover:fill-neutral-400 hover:[&]:text-dark-neutral-250 active:fill-dark-neutral-500 active:[&]:text-dark-neutral-200 dark:fill-dark-neutral-300 dark:[&]:text-neutral-300 dark:hover:fill-dark-neutral-400 dark:hover:[&]:text-neutral-200 dark:active:fill-dark-neutral-500 dark:active:[&]:text-neutral-100"
    href="https://www.youtube.com/@ "
    rel="noopener noreferrer"
    target="_blank"
  >
    <svg
      class=""
      viewBox="0 0 32 32"
    >
      <use
        href="/assets/icons/youtube.svg#youtube"
      />
    </svg>
    <span
      class="sr-only"
    >
      Youtube
    </span>
  </a>
</div>
`;
