// Jest Snapshot v1, https://goo.gl/fbAQLP

exports[`CarouselArrow integration tests is a snapshot with English localization 1`] = `
<button
  class="p-2 md:p-1 absolute z-100 -translate-y-1/2 bg-neutral-300/80 enabled:hover:bg-neutral-300/[0.85] enabled:active:bg-neutral-300/90 dark:bg-dark-neutral-300/80 dark:enabled:hover:bg-dark-neutral-300/[0.85] dark:enabled:active:bg-dark-neutral-300/90 text-blue-700 enabled:hover:text-blue-800 enabled:active:text-blue-900 dark:text-blue-300 dark:enabled:hover:text-blue-400 dark:enabled:active:text-blue-500 transition-[color,background-color,opacity] duration-150 disabled:opacity-disabled disabled:cursor-not-allowed left-[0.625rem] "
  data-testid="test-carousel-arrow"
>
  <svg
    class="w-6 h-6 md:w-10 md:h-10"
    viewBox="0 0u 32 32"
  >
    <use
      href="/assets/icons/back-arrow.svg#back-arrow"
    />
  </svg>
  <span
    class="sr-only"
  >
    Previous slide
  </span>
</button>
`;

exports[`CarouselArrow integration tests is a snapshot with Russian localization 1`] = `
<button
  class="p-2 md:p-1 absolute z-100 -translate-y-1/2 bg-neutral-300/80 enabled:hover:bg-neutral-300/[0.85] enabled:active:bg-neutral-300/90 dark:bg-dark-neutral-300/80 dark:enabled:hover:bg-dark-neutral-300/[0.85] dark:enabled:active:bg-dark-neutral-300/90 text-blue-700 enabled:hover:text-blue-800 enabled:active:text-blue-900 dark:text-blue-300 dark:enabled:hover:text-blue-400 dark:enabled:active:text-blue-500 transition-[color,background-color,opacity] duration-150 disabled:opacity-disabled disabled:cursor-not-allowed left-[0.625rem] "
  data-testid="test-carousel-arrow"
>
  <svg
    class="w-6 h-6 md:w-10 md:h-10"
    viewBox="0 0u 32 32"
  >
    <use
      href="/assets/icons/back-arrow.svg#back-arrow"
    />
  </svg>
  <span
    class="sr-only"
  >
    Предыдущий слайд
  </span>
</button>
`;

exports[`CarouselArrow tests a snapshot with direction equal to left 1`] = `
<button
  class="p-2 md:p-1 absolute z-100 -translate-y-1/2 bg-neutral-300/80 enabled:hover:bg-neutral-300/[0.85] enabled:active:bg-neutral-300/90 dark:bg-dark-neutral-300/80 dark:enabled:hover:bg-dark-neutral-300/[0.85] dark:enabled:active:bg-dark-neutral-300/90 text-blue-700 enabled:hover:text-blue-800 enabled:active:text-blue-900 dark:text-blue-300 dark:enabled:hover:text-blue-400 dark:enabled:active:text-blue-500 transition-[color,background-color,opacity] duration-150 disabled:opacity-disabled disabled:cursor-not-allowed left-[0.625rem] "
  data-testid="test-carousel-arrow"
  disabled=""
>
  <svg
    class="w-6 h-6 md:w-10 md:h-10"
    viewBox="0 0u 32 32"
  >
    <use
      href="/assets/icons/back-arrow.svg#back-arrow"
    />
  </svg>
  <span
    class="sr-only"
  >
    Previous slide
  </span>
</button>
`;

exports[`CarouselArrow tests a snapshot with direction equal to right 1`] = `
<button
  class="p-2 md:p-1 absolute z-100 -translate-y-1/2 bg-neutral-300/80 enabled:hover:bg-neutral-300/[0.85] enabled:active:bg-neutral-300/90 dark:bg-dark-neutral-300/80 dark:enabled:hover:bg-dark-neutral-300/[0.85] dark:enabled:active:bg-dark-neutral-300/90 text-blue-700 enabled:hover:text-blue-800 enabled:active:text-blue-900 dark:text-blue-300 dark:enabled:hover:text-blue-400 dark:enabled:active:text-blue-500 transition-[color,background-color,opacity] duration-150 disabled:opacity-disabled disabled:cursor-not-allowed right-[0.625rem] "
  data-testid="test-carousel-arrow"
  disabled=""
>
  <svg
    class="w-6 h-6 md:w-10 md:h-10"
    viewBox="0 0u 32 32"
  >
    <use
      href="/assets/icons/forward-arrow.svg#forward-arrow"
    />
  </svg>
  <span
    class="sr-only"
  >
    Next slide
  </span>
</button>
`;

exports[`CarouselArrow tests is a basic snapshot 1`] = `
<button
  class="p-2 md:p-1 absolute z-100 -translate-y-1/2 bg-neutral-300/80 enabled:hover:bg-neutral-300/[0.85] enabled:active:bg-neutral-300/90 dark:bg-dark-neutral-300/80 dark:enabled:hover:bg-dark-neutral-300/[0.85] dark:enabled:active:bg-dark-neutral-300/90 text-blue-700 enabled:hover:text-blue-800 enabled:active:text-blue-900 dark:text-blue-300 dark:enabled:hover:text-blue-400 dark:enabled:active:text-blue-500 transition-[color,background-color,opacity] duration-150 disabled:opacity-disabled disabled:cursor-not-allowed left-[0.625rem] "
  data-testid="test-carousel-arrow"
>
  <svg
    class="w-6 h-6 md:w-10 md:h-10"
    viewBox="0 0u 32 32"
  >
    <use
      href="/assets/icons/back-arrow.svg#back-arrow"
    />
  </svg>
  <span
    class="sr-only"
  >
    Previous slide
  </span>
</button>
`;

exports[`CarouselArrow tests is a snapshot with isDisabled set to true 1`] = `
<button
  class="p-2 md:p-1 absolute z-100 -translate-y-1/2 bg-neutral-300/80 enabled:hover:bg-neutral-300/[0.85] enabled:active:bg-neutral-300/90 dark:bg-dark-neutral-300/80 dark:enabled:hover:bg-dark-neutral-300/[0.85] dark:enabled:active:bg-dark-neutral-300/90 text-blue-700 enabled:hover:text-blue-800 enabled:active:text-blue-900 dark:text-blue-300 dark:enabled:hover:text-blue-400 dark:enabled:active:text-blue-500 transition-[color,background-color,opacity] duration-150 disabled:opacity-disabled disabled:cursor-not-allowed left-[0.625rem] "
  data-testid="test-carousel-arrow"
  disabled=""
>
  <svg
    class="w-6 h-6 md:w-10 md:h-10"
    viewBox="0 0u 32 32"
  >
    <use
      href="/assets/icons/back-arrow.svg#back-arrow"
    />
  </svg>
  <span
    class="sr-only"
  >
    Previous slide
  </span>
</button>
`;
